::1 - - [15/Mar/2026 15:15:14] "GET / HTTP/1.1" 200 -
::1 - - [15/Mar/2026 15:16:35] "GET / HTTP/1.1" 200 -
::1 - - [15/Mar/2026 15:16:35] "GET /css/style.css HTTP/1.1" 200 -
::1 - - [15/Mar/2026 15:16:35] "GET /js/hero.js HTTP/1.1" 200 -
::1 - - [15/Mar/2026 15:16:35] "GET /energon-classic-logo.webp HTTP/1.1" 304 -
::1 - - [15/Mar/2026 15:16:35] "GET /js/starfield.js HTTP/1.1" 304 -
::1 - - [15/Mar/2026 15:16:35] "GET /assets/icons/warning.svg HTTP/1.1" 304 -
::1 - - [15/Mar/2026 15:16:35] "GET /assets/icons/earth.svg HTTP/1.1" 304 -
::1 - - [15/Mar/2026 15:16:35] "GET /assets/icons/lockdown.svg HTTP/1.1" 304 -
::1 - - [15/Mar/2026 15:16:35] "GET /assets/icons/pathfinder.svg HTTP/1.1" 200 -
::1 - - [15/Mar/2026 15:16:35] "GET /assets/icons/skill-roadmap.svg HTTP/1.1" 200 -
::1 - - [15/Mar/2026 15:16:35] "GET /assets/icons/local-drills.svg HTTP/1.1" 200 -
::1 - - [15/Mar/2026 15:16:35] "GET /assets/icons/snippets.svg HTTP/1.1" 200 -
::1 - - [15/Mar/2026 15:16:35] "GET /js/codes.js HTTP/1.1" 304 -
::1 - - [15/Mar/2026 15:16:35] "GET /assets/icons/reference-matrix.svg HTTP/1.1" 200 -
::1 - - [15/Mar/2026 15:16:35] "GET /assets/icons/json-builder.svg HTTP/1.1" 200 -
::1 - - [15/Mar/2026 15:16:35] "GET /assets/icons/presentation-sage.svg HTTP/1.1" 200 -
::1 - - [15/Mar/2026 15:16:35] "GET /assets/icons/og-studio.svg HTTP/1.1" 200 -
::1 - - [15/Mar/2026 15:16:35] "GET /assets/icons/agentlore.svg HTTP/1.1" 200 -
::1 - - [15/Mar/2026 15:16:35] "GET /js/cards.js HTTP/1.1" 304 -
::1 - - [15/Mar/2026 15:16:35] "GET /js/secret.js HTTP/1.1" 304 -
::1 - - [15/Mar/2026 15:16:35] "GET /js/terminal.js HTTP/1.1" 200 -
::1 - - [15/Mar/2026 15:16:35] "GET /js/sound.js HTTP/1.1" 200 -
::1 - - [15/Mar/2026 15:16:35] "GET /js/cursor.js HTTP/1.1" 304 -
::1 - - [15/Mar/2026 15:16:35] "GET /js/entrance.js HTTP/1.1" 304 -
::1 - - [15/Mar/2026 15:16:35] "GET /js/search.js HTTP/1.1" 200 -
::1 - - [15/Mar/2026 15:16:35] "GET /js/music.js HTTP/1.1" 304 -
::1 - - [15/Mar/2026 15:16:36] "GET /js/matrix.js HTTP/1.1" 304 -
::1 - - [15/Mar/2026 15:16:36] "GET /js/intervention.js HTTP/1.1" 304 -
::1 - - [15/Mar/2026 15:16:36] "GET /js/evangelion.js HTTP/1.1" 200 -
::1 - - [15/Mar/2026 15:16:36] "GET /assets/icons/l-death-note-logo.svg HTTP/1.1" 304 -
::1 - - [15/Mar/2026 15:16:36] "GET /js/studiopolis.js HTTP/1.1" 200 -
::1 - - [15/Mar/2026 15:16:36] "GET /js/settings.js HTTP/1.1" 200 -
::1 - - [15/Mar/2026 15:16:36] "GET /js/previews.js HTTP/1.1" 200 -
::1 - - [15/Mar/2026 15:16:36] "GET /js/sortable.js HTTP/1.1" 304 -
::1 - - [15/Mar/2026 15:18:23] "GET / HTTP/1.1" 200 -
::1 - - [15/Mar/2026 15:18:26] "GET / HTTP/1.1" 200 -
::1 - - [15/Mar/2026 15:18:26] "GET /css/style.css HTTP/1.1" 200 -
::1 - - [15/Mar/2026 15:18:26] "GET /js/egg.js HTTP/1.1" 200 -
::1 - - [15/Mar/2026 15:18:26] "GET /js/settings.js HTTP/1.1" 200 -
::1 - - [15/Mar/2026 15:18:27] "GET / HTTP/1.1" 200 -
::1 - - [15/Mar/2026 15:18:32] "GET /assets/icons/anatomy.svg HTTP/1.1" 200 -
::1 - - [15/Mar/2026 15:18:32] "GET /assets/icons/resume-forge.svg HTTP/1.1" 200 -
::1 - - [15/Mar/2026 15:18:33] "GET /assets/icons/memes.svg HTTP/1.1" 200 -
::1 - - [15/Mar/2026 15:18:33] "GET /assets/icons/spin-the-wheel.svg HTTP/1.1" 200 -
::1 - - [15/Mar/2026 15:18:33] "GET /assets/icons/client-says.svg HTTP/1.1" 200 -
::1 - - [15/Mar/2026 15:18:34] "GET /assets/icons/team-play.svg HTTP/1.1" 200 -
::1 - - [15/Mar/2026 15:18:34] "GET /assets/icons/guild-hub.svg HTTP/1.1" 200 -
::1 - - [15/Mar/2026 15:18:34] "GET /assets/icons/emojis.svg HTTP/1.1" 200 -
::1 - - [15/Mar/2026 15:18:34] "GET /assets/icons/youtube.svg HTTP/1.1" 304 -
::1 - - [15/Mar/2026 15:18:35] "GET /assets/icons/interviews.svg HTTP/1.1" 200 -
::1 - - [15/Mar/2026 15:18:35] "GET /assets/icons/character-sheet.svg HTTP/1.1" 200 -
::1 - - [15/Mar/2026 15:18:35] "GET /assets/icons/parla.svg HTTP/1.1" 200 -
::1 - - [15/Mar/2026 15:18:35] "GET /assets/icons/playbook.svg HTTP/1.1" 200 -
::1 - - [15/Mar/2026 15:21:47] "GET / HTTP/1.1" 200 -
::1 - - [15/Mar/2026 15:21:50] "GET /css/style.css HTTP/1.1" 200 -
::1 - - [15/Mar/2026 15:21:54] "GET /css/style.css HTTP/1.1" 200 -
::1 - - [15/Mar/2026 15:21:57] "GET /css/style.css HTTP/1.1" 200 -
::1 - - [15/Mar/2026 15:22:01] "GET /css/style.css HTTP/1.1" 200 -
